// Jest Snapshot v1, https://goo.gl/fbAQLP

exports[`Auth.vue shows login form 1`] = `
<div>
  <div
    class="container container--fluid fill-height justify-center"
  >
    <div
      align="center"
      class="col-md-4 col"
    >
      <div
        class="v-card v-sheet theme--light elevation-12"
      >
        <header
          class="v-sheet theme--dark v-toolbar v-toolbar--flat primary"
          style="height: 64px;"
        >
          <div
            class="v-toolbar__content"
            style="height: 64px;"
          >
            <div
              class="v-toolbar__title"
            >
              
                    Login form
                
            </div>
          </div>
        </header>
         
        <form
          class="v-form"
          novalidate="novalidate"
        >
          <div
            class="v-card__text"
          >
            <div
              class="v-input theme--light v-text-field"
            >
              <div
                class="v-input__prepend-outer"
              >
                <div
                  class="v-input__icon v-input__icon--prepend"
                >
                  <i
                    aria-hidden="true"
                    class="v-icon notranslate mdi mdi-account theme--light"
                  />
                </div>
              </div>
              <div
                class="v-input__control"
              >
                <div
                  class="v-input__slot"
                >
                  <div
                    class="v-text-field__slot"
                  >
                    <label
                      class="v-label theme--light"
                      for="input-15"
                      style="left: 0px; position: absolute;"
                    >
                      Username
                    </label>
                    <input
                      id="input-15"
                      required="required"
                      type="text"
                    />
                  </div>
                </div>
                <div
                  class="v-text-field__details"
                >
                  <div
                    class="v-messages theme--light"
                  >
                    <transition-group-stub
                      class="v-messages__wrapper"
                      name="message-transition"
                      tag="div"
                    />
                  </div>
                </div>
              </div>
            </div>
             
            <div
              class="v-input theme--light v-text-field"
            >
              <div
                class="v-input__prepend-outer"
              >
                <div
                  class="v-input__icon v-input__icon--prepend"
                >
                  <i
                    aria-hidden="true"
                    class="v-icon notranslate mdi mdi-lock theme--light"
                  />
                </div>
              </div>
              <div
                class="v-input__control"
              >
                <div
                  class="v-input__slot"
                >
                  <div
                    class="v-text-field__slot"
                  >
                    <label
                      class="v-label theme--light"
                      for="input-19"
                      style="left: 0px; position: absolute;"
                    >
                      Password
                    </label>
                    <input
                      id="input-19"
                      password=""
                      required="required"
                      type="password"
                    />
                  </div>
                </div>
                <div
                  class="v-text-field__details"
                >
                  <div
                    class="v-messages theme--light"
                  >
                    <transition-group-stub
                      class="v-messages__wrapper"
                      name="message-transition"
                      tag="div"
                    />
                  </div>
                </div>
              </div>
            </div>
             
            <!---->
          </div>
           
          <div
            class="v-card__actions"
          >
            <div
              class="spacer"
            />
             
            <button
              class="v-btn v-btn--contained theme--light v-size--default primary"
              data-testid="submit"
              type="submit"
            >
              <span
                class="v-btn__content"
              >
                
                        Login
                    
              </span>
            </button>
          </div>
        </form>
      </div>
       
      <div
        class="my-3"
      >
        
            Don't have an account?
            
        <button
          class="v-btn v-btn--flat v-btn--text theme--light v-size--default"
          data-testid="mode-switch"
          type="button"
        >
          <span
            class="v-btn__content"
          >
            
                Register
            
          </span>
        </button>
      </div>
    </div>
  </div>
</div>
`;
